aaa.txt
QR.png
test01.py
test.log
test.py
